brant@ubuntu:~/bitcoin$ pwd
/home/brant/bitcoin
brant@ubuntu:~/bitcoin$ git branch -a
* dev
  master
  remotes/github/0.11
  remotes/github/0.12
  remotes/github/0.13
  remotes/github/0.14
  remotes/github/0.15
  remotes/github/0.16
  remotes/github/dev
  remotes/github/master
  remotes/origin/0.11
  remotes/origin/0.12
  remotes/origin/0.13
  remotes/origin/0.14
  remotes/origin/0.15
  remotes/origin/0.16
  remotes/origin/HEAD -> origin/master
  remotes/origin/master
brant@ubuntu:~/bitcoin$ git branch -vv
* dev    4a7e64f [github/dev] Merge #13441: Prevent shared conf files from failing with different available options in different binaries
  master 97073f8 [origin/master] Merge #13396: Drop unused arith_uint256 ! operator
brant@ubuntu:~/bitcoin$ make
Making all in src
make[1]: Entering directory '/home/brant/bitcoin/src'
make[2]: Entering directory '/home/brant/bitcoin/src'
make[3]: Entering directory '/home/brant/bitcoin'
make[3]: Leaving directory '/home/brant/bitcoin'
make[2]: Leaving directory '/home/brant/bitcoin/src'
make[1]: Leaving directory '/home/brant/bitcoin/src'
Making all in doc/man
make[1]: Entering directory '/home/brant/bitcoin/doc/man'
make[1]: Nothing to be done for 'all'.
make[1]: Leaving directory '/home/brant/bitcoin/doc/man'
make[1]: Entering directory '/home/brant/bitcoin'
make[1]: Nothing to be done for 'all-am'.
make[1]: Leaving directory '/home/brant/bitcoin'
brant@ubuntu:~/bitcoin$ gdb bitcoind   
GNU gdb (Ubuntu 7.11.1-0ubuntu1~16.5) 7.11.1
Copyright (C) 2016 Free Software Foundation, Inc.
License GPLv3+: GNU GPL version 3 or later <http://gnu.org/licenses/gpl.html>
This is free software: you are free to change and redistribute it.
There is NO WARRANTY, to the extent permitted by law.  Type "show copying"
and "show warranty" for details.
This GDB was configured as "x86_64-linux-gnu".
Type "show configuration" for configuration details.
For bug reporting instructions, please see:
<http://www.gnu.org/software/gdb/bugs/>.
Find the GDB manual and other documentation resources online at:
<http://www.gnu.org/software/gdb/documentation/>.
For help, type "help".
Type "apropos word" to search for commands related to "word"...
Reading symbols from bitcoind...done.
(gdb) r -datadir=./blocks
Starting program: /usr/local/bin/bitcoind -datadir=./blocks
[Thread debugging using libthread_db enabled]
Using host libthread_db library "/lib/x86_64-linux-gnu/libthread_db.so.1".
2018-06-14T15:34:21Z Bitcoin Core version v0.16.99.0-97073f8 (release build)
2018-06-14T15:34:21Z InitParameterInteraction: parameter interaction: -whitelistforcerelay=1 -> setting -whitelistrelay=1
2018-06-14T15:34:21Z Assuming ancestors of block 0000000000000000005214481d2d96f898e3d5416e43359c145944a909d242e0 have valid signatures.
2018-06-14T15:34:21Z Setting nMinimumChainWork=000000000000000000000000000000000000000000f91c579d57cad4bc5278cc
2018-06-14T15:34:21Z Using the 'sse4(1way+4way),avx2(8way)' SHA256 implementation
2018-06-14T15:34:21Z Using RdRand as an additional entropy source
2018-06-14T15:34:21Z Default data directory /home/brant/.bitcoin
2018-06-14T15:34:21Z Using data directory /home/brant/bitcoin/./blocks
2018-06-14T15:34:21Z Using config file /home/brant/bitcoin/./blocks/bitcoin.conf
2018-06-14T15:34:21Z Using at most 125 automatic connections (1024 file descriptors available)
2018-06-14T15:34:21Z Warning: relative datadir option './blocks' specified, which will be interpreted relative to the current working directory '/home/brant/bitcoin'. This is fragile, because if bitcoin is started in the future from a different location, it will be unable to locate the current data files. There could also be data loss if bitcoin is started while in a temporary directory.
2018-06-14T15:34:21Z Using 16 MiB out of 32/2 requested for signature cache, able to store 524288 elements
2018-06-14T15:34:21Z Using 16 MiB out of 32/2 requested for script execution cache, able to store 524288 elements
2018-06-14T15:34:21Z Using 0 threads for script verification
[New Thread 0x7ffff32e9700 (LWP 15600)]
2018-06-14T15:34:21Z HTTP: creating work queue of depth 16
2018-06-14T15:34:21Z No rpcpassword set - using random cookie authentication
2018-06-14T15:34:21Z Generated RPC authentication cookie /home/brant/bitcoin/./blocks/.cookie
2018-06-14T15:34:21Z HTTP: starting 4 worker threads
2018-06-14T15:34:21Z scheduler thread start
[New Thread 0x7ffff2ae8700 (LWP 15601)]
[New Thread 0x7ffff22e7700 (LWP 15602)]
[New Thread 0x7ffff1ae6700 (LWP 15603)]
[New Thread 0x7ffff12e5700 (LWP 15604)]
[New Thread 0x7ffff0ae4700 (LWP 15605)]
2018-06-14T15:34:21Z Using wallet directory /home/brant/bitcoin/./blocks
2018-06-14T15:34:21Z init message: Verifying wallet(s)...
2018-06-14T15:34:21Z Using BerkeleyDB version Berkeley DB 4.8.30: (April  9, 2010)
2018-06-14T15:34:21Z Using wallet wallet.dat
2018-06-14T15:34:21Z BerkeleyEnvironment::Open: LogDir=/home/brant/bitcoin/./blocks/database ErrorFile=/home/brant/bitcoin/./blocks/db.log
2018-06-14T15:34:21Z Cache configuration:
2018-06-14T15:34:21Z * Using 2.0MiB for block index database
2018-06-14T15:34:21Z * Using 8.0MiB for chain state database
2018-06-14T15:34:21Z * Using 440.0MiB for in-memory UTXO set (plus up to 286.1MiB of unused mempool space)
2018-06-14T15:34:21Z init message: Loading block index...
2018-06-14T15:34:21Z Opening LevelDB in /home/brant/bitcoin/./blocks/blocks/index
2018-06-14T15:34:21Z Opened LevelDB successfully
2018-06-14T15:34:21Z Using obfuscation key for /home/brant/bitcoin/./blocks/blocks/index: 0000000000000000
2018-06-14T15:34:22Z LoadBlockIndexDB: last block file = 0
2018-06-14T15:34:22Z LoadBlockIndexDB: last block file info: CBlockFileInfo(blocks=1, size=293, heights=0...0, time=2009-01-03...2009-01-03)
2018-06-14T15:34:22Z Checking all blk files are present...
2018-06-14T15:34:22Z Opening LevelDB in /home/brant/bitcoin/./blocks/chainstate
2018-06-14T15:34:22Z Opened LevelDB successfully
2018-06-14T15:34:22Z Using obfuscation key for /home/brant/bitcoin/./blocks/chainstate: c1d3449145a98a42
2018-06-14T15:34:22Z Loaded best chain: hashBestChain=000000000019d6689c085ae165831e934ff763ae46a2a6c172b3f1b60a8ce26f height=0 date=2009-01-03T18:15:05Z progress=0.000000
2018-06-14T15:34:22Z init message: Rewinding blocks...
2018-06-14T15:34:22Z init message: Verifying blocks...
2018-06-14T15:34:22Z  block index            1028ms
2018-06-14T15:34:22Z init message: Loading wallet...
2018-06-14T15:34:22Z nFileVersion = 169900
2018-06-14T15:34:22Z Keys: 2001 plaintext, 0 encrypted, 2001 w/ metadata, 2001 total. Unknown wallet records: 1
2018-06-14T15:34:22Z  wallet                   53ms
2018-06-14T15:34:22Z setKeyPool.size() = 2000
2018-06-14T15:34:22Z mapWallet.size() = 0
2018-06-14T15:34:22Z mapAddressBook.size() = 0
[New Thread 0x7fffea41f700 (LWP 15606)]
2018-06-14T15:34:22Z mapBlockIndex.size() = 130001
2018-06-14T15:34:22Z nBestHeight = 0
2018-06-14T15:34:22Z Imported mempool transactions from disk: 0 succeeded, 0 failed, 0 expired, 0 already there
[New Thread 0x7fffe9c1e700 (LWP 15607)]
[Thread 0x7fffea41f700 (LWP 15606) exited]
2018-06-14T15:34:22Z Bound to [::]:8333
2018-06-14T15:34:22Z Bound to 0.0.0.0:8333
2018-06-14T15:34:22Z init message: Loading P2P addresses...
2018-06-14T15:34:22Z torcontrol thread start
2018-06-14T15:34:22Z Loaded 2796 addresses from peers.dat  14ms
2018-06-14T15:34:22Z init message: Loading banlist...
2018-06-14T15:34:22Z init message: Starting network threads...
[New Thread 0x7fffe941d700 (LWP 15608)]
2018-06-14T15:34:22Z net thread start
[New Thread 0x7fffe8c1c700 (LWP 15609)]
2018-06-14T15:34:22Z dnsseed thread start
[New Thread 0x7fffe3fff700 (LWP 15610)]
2018-06-14T15:34:22Z addcon thread start
[New Thread 0x7fffe37fe700 (LWP 15611)]
2018-06-14T15:34:22Z opencon thread start
[New Thread 0x7fffe2ffd700 (LWP 15612)]
2018-06-14T15:34:22Z init message: Done loading
2018-06-14T15:34:22Z msghand thread start
2018-06-14T15:34:23Z New outbound peer connected: version: 70015, blocks=527531, peer=0
2018-06-14T15:34:24Z New outbound peer connected: version: 70015, blocks=527531, peer=1
2018-06-14T15:34:25Z New outbound peer connected: version: 70015, blocks=527531, peer=2
2018-06-14T15:34:31Z Warning: Please check that your computer's date and time are correct! If your clock is wrong, Bitcoin Core will not work properly.
Warning: Please check that your computer's date and time are correct! If your clock is wrong, Bitcoin Core will not work properly.
2018-06-14T15:34:31Z New outbound peer connected: version: 70015, blocks=527531, peer=3
2018-06-14T15:34:32Z New outbound peer connected: version: 70015, blocks=527531, peer=4
2018-06-14T15:34:32Z New outbound peer connected: version: 70015, blocks=527531, peer=5
2018-06-14T15:34:33Z P2P peers available. Skipped DNS seeding.
2018-06-14T15:34:33Z dnsseed thread exit
[Thread 0x7fffe8c1c700 (LWP 15609) exited]



^C
Thread 1 "bitcoind" received signal SIGINT, Interrupt.
0x00007ffff5fd4c1d in nanosleep () at ../sysdeps/unix/syscall-template.S:84
84      ../sysdeps/unix/syscall-template.S: No such file or directory.
(gdb) bt
#0  0x00007ffff5fd4c1d in nanosleep () at ../sysdeps/unix/syscall-template.S:84
#1  0x00007ffff752891f in boost::this_thread::hiden::sleep_for(timespec const&) ()
   from /usr/lib/x86_64-linux-gnu/libboost_thread.so.1.58.0
#2  0x00005555558fd11c in boost::this_thread::sleep_for (ns=<synthetic pointer>)
    at /usr/include/boost/thread/pthread/thread_data.hpp:243
#3  boost::this_thread::sleep_for<long, boost::ratio<1l, 1000l> > (d=...) at /usr/include/boost/thread/v2/thread.hpp:112
#4  0x00005555558fc590 in MilliSleep (n=<optimized out>) at utiltime.cpp:70
#5  0x000055555559817f in WaitForShutdown () at bitcoind.cpp:47
#6  AppInit (argc=2, argv=0x7fffffffe5b8) at bitcoind.cpp:181
#7  0x000055555558a98f in main (argc=2, argv=0x7fffffffe5b8) at bitcoind.cpp:195
(gdb) info threads 
  Id   Target Id         Frame 
* 1    Thread 0x7ffff7fdb740 (LWP 15596) "bitcoind" 0x00007ffff5fd4c1d in nanosleep () at ../sysdeps/unix/syscall-template.S:84
  2    Thread 0x7ffff32e9700 (LWP 15600) "bitcoin-schedul" pthread_cond_timedwait@@GLIBC_2.3.2 ()
    at ../sysdeps/unix/sysv/linux/x86_64/pthread_cond_timedwait.S:225
  3    Thread 0x7ffff2ae8700 (LWP 15601) "bitcoin-http" 0x00007ffff5d01a13 in epoll_wait () at ../sysdeps/unix/syscall-template.S:84
  4    Thread 0x7ffff22e7700 (LWP 15602) "bitcoin-httpwor" pthread_cond_wait@@GLIBC_2.3.2 ()
    at ../sysdeps/unix/sysv/linux/x86_64/pthread_cond_wait.S:185
  5    Thread 0x7ffff1ae6700 (LWP 15603) "bitcoin-httpwor" pthread_cond_wait@@GLIBC_2.3.2 ()
    at ../sysdeps/unix/sysv/linux/x86_64/pthread_cond_wait.S:185
  6    Thread 0x7ffff12e5700 (LWP 15604) "bitcoin-httpwor" pthread_cond_wait@@GLIBC_2.3.2 ()
    at ../sysdeps/unix/sysv/linux/x86_64/pthread_cond_wait.S:185
  7    Thread 0x7ffff0ae4700 (LWP 15605) "bitcoin-httpwor" pthread_cond_wait@@GLIBC_2.3.2 ()
    at ../sysdeps/unix/sysv/linux/x86_64/pthread_cond_wait.S:185
  9    Thread 0x7fffe9c1e700 (LWP 15607) "bitcoin-torcont" 0x00007ffff5d01a13 in epoll_wait ()
    at ../sysdeps/unix/syscall-template.S:84
  10   Thread 0x7fffe941d700 (LWP 15608) "bitcoin-net" 0x00007ffff5cf75d3 in select () at ../sysdeps/unix/syscall-template.S:84
  12   Thread 0x7fffe3fff700 (LWP 15610) "bitcoin-addcon" pthread_cond_timedwait@@GLIBC_2.3.2 ()
    at ../sysdeps/unix/sysv/linux/x86_64/pthread_cond_timedwait.S:225
  13   Thread 0x7fffe37fe700 (LWP 15611) "bitcoin-opencon" pthread_cond_timedwait@@GLIBC_2.3.2 ()
    at ../sysdeps/unix/sysv/linux/x86_64/pthread_cond_timedwait.S:225
  14   Thread 0x7fffe2ffd700 (LWP 15612) "bitcoin-msghand" pthread_cond_timedwait@@GLIBC_2.3.2 ()
    at ../sysdeps/unix/sysv/linux/x86_64/pthread_cond_timedwait.S:225
